// Jest Snapshot v1, https://goo.gl/fbAQLP

exports[`<HomePage/> should match to snapshot 1`] = `
<div>
  <div
    class="bg-banner bg-cover bg-no-repeat h-96 items-center flex flex-col justify-center"
  >
    <h1
      class="text-white font-bold text-4xl"
    >
      SHOP SPACEX
    </h1>
    <p
      class="text-white font-thin"
    >
      Lorem ipsum dolor sit amet consectetur, adipisicing elit.
    </p>
  </div>
  <div
    class="max-w-screen-2xl m-auto"
  >
    <div
      class="m-4"
    >
      <h1
        class="text-2xl uppercase mb-6"
      >
        Search SpaceX
      </h1>
      <div
        class="flex"
      >
        <input
          class="bg-gray-50 border border-gray-300 text-gray-900 text-sm rounded-lg focus:ring-black focus:black block w-full p-2.5 undefined"
          placeholder="Search By Name"
          type="text"
          value=""
        />
        <button
          class="text-white bg-black focus:ring-4 focus:outline-none focus:ring-black font-medium rounded-lg text-sm w-full px-5 py-2.5 text-center ml-5"
          type="submit"
        >
          Search
        </button>
      </div>
    </div>
    <h1
      class="text-2xl uppercase  m-4"
    >
      List rockets
    </h1>
    <div
      class="grid gap-4 p-4 xl:grid-cols-4 lg:grid-cols-3 md:grid-cols-2 sm:grid-cols-1 place-items-center"
    >
      <div
        class="max-w-sm rounded overflow-hidden shadow-lg"
      >
        <img
          alt="Sunset in the mountains"
          class="w-full  h-72"
          src="https://imgur.com/DaCfMsj.jpg"
        />
        <div
          class="px-6 py-4"
        >
          <div
            class="font-bold text-xl mb-2"
          >
            Falcon 1
          </div>
          <p
            class="text-gray-700 text-base line-clamp-2"
          >
            The Falcon 1 was an expendable launch system privately developed and manufactured by SpaceX during 2006-2009. On 28 September 2008, Falcon 1 became the first privately-developed liquid-fuel launch vehicle to go into orbit around the Earth.
          </p>
        </div>
        <div
          class="px-6 pb-2"
        >
          <span
            class="inline-block bg-gray-200 rounded-full px-3 py-1 text-sm font-semibold text-gray-700 mr-2 mb-2"
          >
            Republic of the Marshall Islands
          </span>
        </div>
      </div>
      <div
        class="max-w-sm rounded overflow-hidden shadow-lg"
      >
        <img
          alt="Sunset in the mountains"
          class="w-full  h-72"
          src="https://farm1.staticflickr.com/929/28787338307_3453a11a77_b.jpg"
        />
        <div
          class="px-6 py-4"
        >
          <div
            class="font-bold text-xl mb-2"
          >
            Falcon 9
          </div>
          <p
            class="text-gray-700 text-base line-clamp-2"
          >
            Falcon 9 is a two-stage rocket designed and manufactured by SpaceX for the reliable and safe transport of satellites and the Dragon spacecraft into orbit.
          </p>
        </div>
        <div
          class="px-6 pb-2"
        >
          <span
            class="inline-block bg-gray-200 rounded-full px-3 py-1 text-sm font-semibold text-gray-700 mr-2 mb-2"
          >
            United States
          </span>
        </div>
      </div>
      <div
        class="max-w-sm rounded overflow-hidden shadow-lg"
      >
        <img
          alt="Sunset in the mountains"
          class="w-full  h-72"
          src="https://farm5.staticflickr.com/4599/38583829295_581f34dd84_b.jpg"
        />
        <div
          class="px-6 py-4"
        >
          <div
            class="font-bold text-xl mb-2"
          >
            Falcon Heavy
          </div>
          <p
            class="text-gray-700 text-base line-clamp-2"
          >
            With the ability to lift into orbit over 54 metric tons (119,000 lb)--a mass equivalent to a 737 jetliner loaded with passengers, crew, luggage and fuel--Falcon Heavy can lift more than twice the payload of the next closest operational vehicle, the Delta IV Heavy, at one-third the cost.
          </p>
        </div>
        <div
          class="px-6 pb-2"
        >
          <span
            class="inline-block bg-gray-200 rounded-full px-3 py-1 text-sm font-semibold text-gray-700 mr-2 mb-2"
          >
            United States
          </span>
        </div>
      </div>
      <div
        class="max-w-sm rounded overflow-hidden shadow-lg"
      >
        <img
          alt="Sunset in the mountains"
          class="w-full  h-72"
          src="https://live.staticflickr.com/65535/48954138962_ee541e6755_b.jpg"
        />
        <div
          class="px-6 py-4"
        >
          <div
            class="font-bold text-xl mb-2"
          >
            Starship
          </div>
          <p
            class="text-gray-700 text-base line-clamp-2"
          >
            Starship and Super Heavy Rocket represent a fully reusable transportation system designed to service all Earth orbit needs as well as the Moon and Mars. This two-stage vehicle — composed of the Super Heavy rocket (booster) and Starship (ship) — will eventually replace Falcon 9, Falcon Heavy and Dragon.
          </p>
        </div>
        <div
          class="px-6 pb-2"
        >
          <span
            class="inline-block bg-gray-200 rounded-full px-3 py-1 text-sm font-semibold text-gray-700 mr-2 mb-2"
          >
            United States
          </span>
        </div>
      </div>
    </div>
  </div>
</div>
`;

exports[`<HomePage/> should not display list rocket when non-auth 1`] = `
<div>
  <div
    class="bg-banner bg-cover bg-no-repeat h-96 items-center flex flex-col justify-center"
  >
    <h1
      class="text-white font-bold text-4xl"
    >
      SHOP SPACEX
    </h1>
    <p
      class="text-white font-thin"
    >
      Lorem ipsum dolor sit amet consectetur, adipisicing elit.
    </p>
  </div>
  <p
    class="w-full text-center text-3xl py-24"
  >
    Please
     
    <a
      class="text-blue-500 underline"
      href="/login"
    >
      Login
    </a>
     
    or
     
    <a
      class="text-blue-600 underline"
      href="/register"
    >
      Sign In
    </a>
     
    to see list rocket
  </p>
</div>
`;
