// Jest Snapshot v1, https://goo.gl/fbAQLP

exports[`<Banner/> should match to snapshot 1`] = `
<div>
  <div
    class="bg-banner bg-cover bg-no-repeat h-96 items-center flex flex-col justify-center"
  >
    <h1
      class="text-white font-bold text-4xl"
    >
      SHOP SPACEX
    </h1>
    <p
      class="text-white font-thin"
    >
      Lorem ipsum dolor sit amet consectetur, adipisicing elit.
    </p>
  </div>
</div>
`;
