// Jest Snapshot v1, https://goo.gl/fbAQLP

exports[`<FormFilter/> should match to snapshot 1`] = `
<div>
  <div
    class="m-4"
  >
    <h1
      class="text-2xl uppercase mb-6"
    >
      Search SpaceX
    </h1>
    <div
      class="flex"
    >
      <input
        class="bg-gray-50 border border-gray-300 text-gray-900 text-sm rounded-lg focus:ring-black focus:black block w-full p-2.5 undefined"
        placeholder="Search By Name"
        type="text"
        value=""
      />
      <button
        class="text-white bg-black focus:ring-4 focus:outline-none focus:ring-black font-medium rounded-lg text-sm w-full px-5 py-2.5 text-center ml-5"
        type="submit"
      >
        Search
      </button>
    </div>
  </div>
</div>
`;
