// Jest Snapshot v1, https://goo.gl/fbAQLP

exports[`<RocketCard/> should match to snapshot 1`] = `
<div>
  <div
    class="max-w-sm rounded overflow-hidden shadow-lg"
  >
    <img
      alt="Sunset in the mountains"
      class="w-full  h-72"
      src="NO"
    />
    <div
      class="px-6 py-4"
    >
      <div
        class="font-bold text-xl mb-2"
      >
        NAME
      </div>
      <p
        class="text-gray-700 text-base line-clamp-2"
      >
        description
      </p>
    </div>
    <div
      class="px-6 pb-2"
    >
      <span
        class="inline-block bg-gray-200 rounded-full px-3 py-1 text-sm font-semibold text-gray-700 mr-2 mb-2"
      >
        USA
      </span>
    </div>
  </div>
</div>
`;
